// Jest Snapshot v1, https://goo.gl/fbAQLP

exports[`MainHeader component renders html correctly 1`] = `
<Adapter>
  <div
    className="logo"
  >
    <img
      alt="PlatIAgro"
      src="logo.png"
    />
  </div>
  <Menu
    className="main-header-menu"
    defaultSelectedKeys={
      Array [
        "2",
      ]
    }
    mode="horizontal"
    theme="dark"
  >
    <MenuItem
      key="1"
    >
      <Link
        to="/"
      >
        In√≠cio
      </Link>
    </MenuItem>
    <MenuItem
      key="2"
    >
      <Link
        to="/projects"
      >
        Projetos
      </Link>
    </MenuItem>
    <MenuItem
      key="3"
    >
      <Link
        to="/implanted-models"
      >
        Modelos Implantados
      </Link>
    </MenuItem>
  </Menu>
</Adapter>
`;
