// Jest Snapshot v1, https://goo.gl/fbAQLP

exports[`MainDrawer component renders html correctly 1`] = `
<withConfigConsumer(Drawer)
  closable={true}
  onClose={null}
  placement="right"
  visible={true}
  width={350}
/>
`;
