// Jest Snapshot v1, https://goo.gl/fbAQLP

exports[`AttributePreSelectionDrawerContent component is expected render html correctly 1`] = `
<div>
  <div>
    <p>
      Limite de dados faltantes para um atributo
    </p>
    <p>
      <small>
        Valor que indica quando um atributo será excluído do conjunto de dados, a partir da proporção de dados faltantes. Os valores devem estar entre 0,0 e 1,0
      </small>
    </p>
    <InputNumber
      decimalSeparator=","
      max={1}
      min={0}
      onChange={[Function]}
      step={0.1}
      value={1}
    />
    <InfoHelper
      content="Exemplo: 0,6 indica que os atributos com 60% ou mais dos dados faltantes serão excluídos do conjunto de dados."
      width={200}
    />
    <br />
    <br />
    <br />
    <p>
      Indicador máximo de correlação
    </p>
    <p>
      <small>
        O indicador de correlação mostra o quanto dois atributos são relacionados entre si. O 
        <span
          style={
            Object {
              "textDecoration": "underline",
            }
          }
        >
          indicador máximo de correlação
        </span>
         define um valor como ponto de corte para exclusão dos atributos, baseado na correlação entre eles. Os valores devem estar entre 0,0 e 1,0.
      </small>
    </p>
    <InputNumber
      decimalSeparator=","
      max={1}
      min={0}
      onChange={[Function]}
      step={0.1}
      value={1}
    />
    <InfoHelper
      content={
        <div>
          <p>
            Exemplo: 0,8 indica que, se existir dois atributos com índice de correlação entre eles maior ou igual a esse valor, um deles será excluído do conjunto de dados para não prejudicar o processo de treinamento de modelos.
          </p>
          <p>
            Os valores abaixo indicam variáveis que podem ter:
            <br />
            entre 0,9 e 1,0: correlação muito forte;
            <br />
            entre 0,7 e 0,9: correlação forte;
            <br />
            entre 0,5 e 0,7: correlação moderada;
            <br />
            entre 0,3 e 0,5: correlação fraca;
            <br />
            entre 0,0 e 0,3: correlação muito fraca ou desprezível.
          </p>
        </div>
      }
      width={300}
    />
  </div>
</div>
`;
